2
[ CPUIntType{} ]
3
[ CPUIntType{} ]
4
[ CPUIntType{} ]
5
[ CPUIntType{} ]
6
[ CPUIntType{} ]
7
[ CPUIntType{} ]
8
[ CPUIntType{} ]
9
[ CPUIntType{} ]
10
[ CPUIntType{} ]
