 3
 5
 8
[ CPUIntType{3} ]
-1
-1
 0
[ CPUIntType{3} ]
 2
 3
 5
[ CPUIntType{3} ]