-10
[ CPUIntType{} ]
 1.2000
-2.3000
 0.5000
[ CPUDoubleType{3} ]
