  1.2100   4.0000
 12.2500  17.6400
[ CPUDoubleType{2,2} ]
