 2.2000  4.0000
 7.0000  8.4000
[ CPUDoubleType{2,2} ]
