 1  0
 0  1
[ CPUDoubleType{2,2} ]
 1.1000  2.0000
 3.5000  4.2000
[ CPUDoubleType{2,2} ]
  8.2100  10.6000
 18.5500  24.6400
[ CPUDoubleType{2,2} ]
