 1.1000  0.4000
 0.3000  1.0000
[ CPUDoubleType{2,2} ]
