 1.0000  1.7000
 1.3000 -2.0000
[ CPUDoubleType{2,2} ]
 0.9000  1.8000
 3.3000  4.0000
[ CPUDoubleType{2,2} ]
