-1 -4 -9
-16 -25 -36
[ CPUIntType{2,3} ]
  2   4   6
  8  10  12
[ CPUIntType{2,3} ]
 0.2000  0.4000  0.6000
 0.8000  1.0000  1.2000
[ CPUDoubleType{2,3} ]
