 1
[ CPUIntType{1} ]
 2
[ CPUIntType{1} ]
 3
[ CPUIntType{1} ]
