(1,.,.) = 
  0  0  0  0
  0  0  0  0
  0  0  0  0

(2,.,.) = 
  0  0  0  0
  0  0  0  0
  0  0  0  0
[ CPUFloatType{2,3,4} ]