 1
 1
 2
 3
 7
 4
 3
 5
 1
 2
 7
 9
[ CPUIntType{12} ]
