0
[ CPUIntType{} ]
2
[ CPUIntType{} ]
1
[ CPUIntType{} ]
4
[ CPUIntType{} ]
5
[ CPUIntType{} ]
6
[ CPUIntType{} ]
