1
[ CPUIntType{} ]
2
[ CPUIntType{} ]
1
[ CPUIntType{} ]
1
[ CPUIntType{} ]
