-0.9687 -0.0625  0.6979
 0.4375  0.1250 -0.2292
 0.0313 -0.0625  0.0312
[ CPUDoubleType{3,3} ]
