 2.3026  2.3979  2.4849
 2.6391  2.7081  2.7726
[ CPUDoubleType{2,3} ]
 0.0000
 1.1632
 1.7228
[ CPUDoubleType{3} ]
