  1   2   3
  5   6   7
 10  11  12
 14  15  16
[ CPUIntType{4,3} ]
  1   2   3  10  11  12
  5   6   7  14  15  16
[ CPUIntType{2,6} ]
