 1
 2
 3
[ CPUDoubleType{3} ]
29
[ CPUDoubleType{} ]
