(1,.,.) = 
  1  1  1
  1  1  1

(2,.,.) = 
  1  1  1
  1  1  1
[ CPUIntType{2,2,3} ]