 1
 2
 4
[ CPUIntType{3} ]
 0
 0
 0
 0
 0
 1
 1
 1
 1
 1
[ CPUDoubleType{10} ]