 10  11  12
 14  15  16
[ CPUDoubleType{2,3} ]
 1
 4
 6
[ CPUDoubleType{3} ]
