(1,.,.) = 
  0  0  0
  0  0  0

(2,.,.) = 
  0  0  0
  0  0  0
[ CPUIntType{2,2,3} ]