 1
 2
[ CPUIntType{2} ]
 1.0000
 0.0000
 2.4000
[ CPUDoubleType{3} ]