 10  11  12
 14  15  16
[ CPUDoubleType{2,3} ]
 1
 3
 5
[ CPUDoubleType{3} ]
