6
[ CPUIntType{} ]
4
[ CPUIntType{} ]
6
[ CPUIntType{} ]
3
[ CPUIntType{} ]
